// Jest Snapshot v1, https://goo.gl/fbAQLP

exports[`Pruebas sobre el componente GifItem Debe hacer match con el snapshot 1`] = `
<div>
  <div
    class="card"
  >
    <img
      alt="Hola"
      src="cualquierurl"
    />
    <p>
      Hola
    </p>
  </div>
</div>
`;
